// Jest Snapshot v1, https://goo.gl/fbAQLP

exports[`Button Atom renders the passed title 1`] = `
<View
  accessibilityState={
    {
      "busy": undefined,
      "checked": undefined,
      "disabled": undefined,
      "expanded": undefined,
      "selected": undefined,
    }
  }
  accessibilityValue={
    {
      "max": undefined,
      "min": undefined,
      "now": undefined,
      "text": undefined,
    }
  }
  accessible={true}
  collapsable={false}
  focusable={true}
  onBlur={[Function]}
  onClick={[Function]}
  onFocus={[Function]}
  onResponderGrant={[Function]}
  onResponderMove={[Function]}
  onResponderRelease={[Function]}
  onResponderTerminate={[Function]}
  onResponderTerminationRequest={[Function]}
  onStartShouldSetResponder={[Function]}
  style={
    {
      "alignItems": "center",
      "backgroundColor": "#3F5A9F",
      "borderRadius": 30.833333333333336,
      "marginVertical": 15.416666666666668,
      "paddingHorizontal": 23.125,
      "paddingVertical": 15.416666666666668,
    }
  }
>
  <Text
    style={
      [
        {
          "color": "#000000",
          "flexShrink": 1,
          "flexWrap": "wrap",
        },
        undefined,
      ]
    }
  >
    Click me!
  </Text>
</View>
`;
